2025-06-04 10:45:43,378 - INFO - 
--- LAND USE ALLOCATION ---
2025-06-04 10:45:43,379 - INFO - Start time: 2025-06-04 10:45:43.379365
2025-06-04 10:45:43,383 - INFO - --- YEAR 2035
2025-06-04 10:45:43,383 - INFO - Loading input data
2025-06-04 10:45:43,586 - DEBUG - Loaded base_maz: (23451, 25), forecast: (17, 57), dev_table: (99560, 16), gq_maz: (23451, 4)
2025-06-04 10:45:43,587 - INFO - Calculating scaling factors
2025-06-04 10:45:43,588 - INFO - Group quarters scaling factor: 1.0436452886564935
2025-06-04 10:45:43,588 - INFO - Ag employment scaling factor: 1.0341894952775759
2025-06-04 10:45:43,588 - INFO - Running agency allocation.
2025-06-04 10:45:43,658 - INFO - Note: NumExpr detected 40 cores but "NUMEXPR_MAX_THREADS" not set, so enforcing safe limit of 8.
2025-06-04 10:45:43,658 - INFO - NumExpr defaulting to 8 threads.
2025-06-04 10:45:43,658 - INFO - Sampling growth from year 9999
2025-06-04 10:45:58,954 - INFO - Agency allocation complete
2025-06-04 10:45:58,964 - DEBUG - SOI allocation results:
              SOI        HU_NET  SOI_HU_Target       EMP_NET  SOI_EMP_Target
0          Clovis   5835.372123    5835.372137   4010.992635          4011.0
1        Coalinga    316.973238     316.981473    146.986603           147.0
2       Firebaugh    145.631103     145.666212    296.979860           297.0
3          Fowler    487.984285     487.987500    618.953321           619.0
4          Fresno  11426.031324   11426.032615  12078.998408         12079.0
5           Huron     74.404488      74.409010     93.974767            94.0
6          Kerman    794.297711     794.373397    692.993873           693.0
7       Kingsburg    647.876299     647.915606    657.936138           658.0
8         Mendota    242.667878     242.677763    246.954011           247.0
9     Orange Cove     82.300984      82.316981     50.937550            51.0
10        Parlier     94.014864      94.059561    159.974399           160.0
11        Reedley    426.704361     426.820499    479.949605           480.0
12         Sanger    384.730378     384.749574    634.995510           635.0
13          Selma    888.045403     888.080300   1802.996757          1803.0
14  Unincorporate    205.733701     370.580212    297.069864          2682.0
2025-06-04 10:45:58,964 - DEBUG - Community allocation results:
       COMMUNITY     HU_NET  SOI_HU_Target    EMP_NET  SOI_EMP_Target
0        Auberry  17.838985     370.580212  32.786345          2682.0
1          Biola   9.304565     370.580212  22.622581          2682.0
2         Bowles   2.655632     370.580212  11.825877          2682.0
3   Cantua Creek   2.190316     370.580212   0.000000          2682.0
4      Caruthers  15.575959     370.580212  38.283441          2682.0
5    Centerville   3.468217     370.580212   8.393086          2682.0
6        Del Rey   8.176319     370.580212  20.769787          2682.0
7         Easton  19.230663     370.580212  26.794675          2682.0
8         Friant   5.318098     370.580212   1.038145          2682.0
9   Friant Ranch   5.315322     370.580212   0.000000          2682.0
10         Laton  11.508269     370.580212  15.761072          2682.0
11        Malaga   6.781058     370.580212  16.407927          2682.0
12     Millerton  12.414626     370.580212   2.171603          2682.0
13      Monmouth   1.962146     370.580212   4.748393          2682.0
14     Riverdale  28.444459     370.580212  51.053416          2682.0
15     Rural Res  27.064193     370.580212   7.507869          2682.0
16   Shaver Lake   9.250701     370.580212  28.891576          2682.0
17  Squaw Valley   3.805272     370.580212   0.618465          2682.0
18  Tranquillity   8.221245     370.580212   6.306721          2682.0
19     West Park   7.207656     370.580212   1.088885          2682.0
2025-06-04 10:45:58,964 - INFO - Calculating parcel growth values
2025-06-04 10:46:00,907 - DEBUG - Parcel growth calculated: (9219, 98)
2025-06-04 10:46:00,907 - INFO - Generating new MAZ and TAZ files
2025-06-04 10:46:00,939 - INFO - Rural HU factor: 1.0043436671351547, Rural EMP factor: 1.0450434246566886
2025-06-04 10:46:01,579 - DEBUG - New MAZ file: (23451, 23), New TAZ file: (1962, 21)
2025-06-04 10:46:01,579 - INFO - Generating PopSim input files
2025-06-04 10:46:01,700 - INFO - PopSim files generated: mazData, tazData, gq_maz, countyData
2025-06-04 10:46:01,700 - INFO - 
--- Script ran sucessfully! ---
2025-06-04 10:46:01,700 - INFO - End time: 2025-06-04 10:46:01.700571
